  Ex4_V2.C
C:\SPY\PROG_SLO1_25_26\Exercice\Exo4\sources\Ex4_V2.C(40,10): warning C4473: 'printf' : nombre insuffisant d'arguments passés pour la chaîne de format
C:\SPY\PROG_SLO1_25_26\Exercice\Exo4\sources\Ex4_V2.C(40,10): message : les espaces réservés et leurs paramètres attendent des arguments 3 variadiques, mais des arguments 2 ont été fournis
C:\SPY\PROG_SLO1_25_26\Exercice\Exo4\sources\Ex4_V2.C(40,10): message : l'argument variadique manquant 3 est demandé par la chaîne de format '%d'
C:\SPY\PROG_SLO1_25_26\Exercice\Exo4\sources\Ex4_V2.C(41,10): warning C4473: 'printf' : nombre insuffisant d'arguments passés pour la chaîne de format
C:\SPY\PROG_SLO1_25_26\Exercice\Exo4\sources\Ex4_V2.C(41,10): message : les espaces réservés et leurs paramètres attendent des arguments 3 variadiques, mais des arguments 2 ont été fournis
C:\SPY\PROG_SLO1_25_26\Exercice\Exo4\sources\Ex4_V2.C(41,10): message : l'argument variadique manquant 3 est demandé par la chaîne de format '%d'
C:\SPY\PROG_SLO1_25_26\Exercice\Exo4\sources\Ex4_V2.C(48,10): warning C4476: 'printf' : caractère de champ de type 'H' inconnu dans le spécificateur de format
C:\SPY\PROG_SLO1_25_26\Exercice\Exo4\sources\Ex4_V2.C(48,10): warning C4778: 'printf' : chaîne de format indéterminée '%\n'
C:\SPY\PROG_SLO1_25_26\Exercice\Exo4\sources\Ex4_V2.C(48,54): warning C4474: 'printf' : trop d'arguments passés pour la chaîne de format
C:\SPY\PROG_SLO1_25_26\Exercice\Exo4\sources\Ex4_V2.C(48,54): message : les espaces réservés et leurs paramètres attendent des arguments 1 variadiques, mais des arguments 3 ont été fournis
C:\SPY\PROG_SLO1_25_26\Exercice\Exo4\sources\Ex4_V2.C(54,10): warning C4476: 'printf' : caractère de champ de type 'O' inconnu dans le spécificateur de format
C:\SPY\PROG_SLO1_25_26\Exercice\Exo4\sources\Ex4_V2.C(54,10): warning C4476: 'printf' : caractère de champ de type '=' inconnu dans le spécificateur de format
C:\SPY\PROG_SLO1_25_26\Exercice\Exo4\sources\Ex4_V2.C(54,10): warning C4778: 'printf' : chaîne de format indéterminée '% \n'
C:\SPY\PROG_SLO1_25_26\Exercice\Exo4\sources\Ex4_V2.C(54,35): warning C4474: 'printf' : trop d'arguments passés pour la chaîne de format
C:\SPY\PROG_SLO1_25_26\Exercice\Exo4\sources\Ex4_V2.C(54,35): message : les espaces réservés et leurs paramètres attendent des arguments 0 variadiques, mais des arguments 2 ont été fournis
C:\SPY\PROG_SLO1_25_26\Exercice\Exo4\sources\Ex4_V2.C(55,10): warning C4477: 'printf' : la chaîne de format '%  E' nécessite un argument de type 'double', mais l'argument variadique 1 est de type 'int'
C:\SPY\PROG_SLO1_25_26\Exercice\Exo4\sources\Ex4_V2.C(55,10): warning C4476: 'printf' : caractère de champ de type '=' inconnu dans le spécificateur de format
C:\SPY\PROG_SLO1_25_26\Exercice\Exo4\sources\Ex4_V2.C(55,10): warning C4778: 'printf' : chaîne de format indéterminée '%0 \n'
C:\SPY\PROG_SLO1_25_26\Exercice\Exo4\sources\Ex4_V2.C(55,40): warning C4474: 'printf' : trop d'arguments passés pour la chaîne de format
C:\SPY\PROG_SLO1_25_26\Exercice\Exo4\sources\Ex4_V2.C(55,40): message : les espaces réservés et leurs paramètres attendent des arguments 1 variadiques, mais des arguments 2 ont été fournis
C:\SPY\PROG_SLO1_25_26\Exercice\Exo4\sources\Ex4_V2.C(61,10): warning C4473: 'printf' : nombre insuffisant d'arguments passés pour la chaîne de format
C:\SPY\PROG_SLO1_25_26\Exercice\Exo4\sources\Ex4_V2.C(61,10): message : les espaces réservés et leurs paramètres attendent des arguments 4 variadiques, mais des arguments 2 ont été fournis
C:\SPY\PROG_SLO1_25_26\Exercice\Exo4\sources\Ex4_V2.C(61,10): message : l'argument variadique manquant 3 est demandé par la chaîne de format '%4d'
  Exercice_4.vcxproj -> C:\SPY\PROG_SLO1_25_26\Exercice\Exo4\sources\Exercice_4\x64\Debug\Exercice_4.exe
